<METASCHEMA xmlns="http://csrc.nist.gov/ns/oscal/metaschema/1.0"
            abstract="no"
            module="nestedmessy"
            _base-uri="file:/C:/Users/wap1/Documents/usnistgov/metaschema/test-suite/metaschema-xspec/composition/nestedmessy_metaschema.xml">
   <INFO info-type="objects-used">Seeing assembly#nestedmessy:box, assembly#nestedmessy:envelope, field#nestedmessy:page, flag#nestedmessy:no, assembly#nestedmessy:folder</INFO>
   <schema-name>Nested Reference Test</schema-name>
   <schema-version>1.0</schema-version>
   <short-name>nestedmessy</short-name>
   <namespace>http://csrc.nist.gov/metaschema/ns/nested</namespace>
   <json-base-uri>http://csrc.nist.gov/metaschema/ns/nested</json-base-uri>
   <remarks>
      <p>If any 'unused' definition appears in a schema, we have a bug.</p>
   </remarks>
   <EXCEPTION problem-type="unused-definition">REMOVING unused assembly definition for 'unused-assembly' from nestedmessy.</EXCEPTION>
   <define-field _metaschema-xml-id="/field/nestedmessy/page"
                 _metaschema-json-id="/field/nestedmessy/page"
                 collapsible="no"
                 as-type="string"
                 scope="global"
                 name="page"
                 module="nestedmessy"
                 _base-uri="file:/C:/Users/wap1/Documents/usnistgov/metaschema/test-suite/metaschema-xspec/composition/nestedmessy_metaschema.xml"
                 _key-name="nestedmessy:page">
      <formal-name>PAGE</formal-name>
      <description>PAGE</description>
      <flag _step="no"
            _key="no"
            _metaschema-xml-id="/field/nestedmessy/page/no"
            _metaschema-json-id="/field/nestedmessy/page/no"
            as-type="positiveInteger"
            required="no"
            ref="no"
            _key-ref="nestedmessy:no"
            _using-name="no"
            _in-xml-name="no"
            _in-json-name="no"/>
   </define-field>
   <define-flag _metaschema-xml-id="/flag/nestedmessy/no"
                _metaschema-json-id="/flag/nestedmessy/no"
                as-type="positiveInteger"
                scope="global"
                name="no"
                module="nestedmessy"
                _base-uri="file:/C:/Users/wap1/Documents/usnistgov/metaschema/test-suite/metaschema-xspec/composition/nestedmessy_metaschema.xml"
                _key-name="nestedmessy:no"/>
   <EXCEPTION problem-type="unused-definition">REMOVING unused field definition for 'unused-field' from nestedmessy.</EXCEPTION>
   <define-assembly _metaschema-xml-id="/assembly/nestedmessy/envelope"
                    _metaschema-json-id="/assembly/nestedmessy/envelope"
                    scope="global"
                    name="envelope"
                    module="nestedmessy"
                    _base-uri="file:/C:/Users/wap1/Documents/usnistgov/metaschema/test-suite/metaschema-xspec/composition/nestedmessy_metaschema.xml"
                    _key-name="nestedmessy:envelope">
      <formal-name>ENVELOPE</formal-name>
      <description>ENVELOPE</description>
      <model>
         <field _step="page"
                _key="page"
                _metaschema-xml-id="/assembly/nestedmessy/envelope/page"
                _metaschema-json-id="/assembly/nestedmessy/envelope/page"
                max-occurs="unbounded"
                min-occurs="0"
                ref="page"
                _key-ref="nestedmessy:page"
                _using-name="page"
                _in-xml-name="page"
                _in-json-name="page"/>
      </model>
   </define-assembly>
   <define-assembly _metaschema-xml-id="/assembly/nestedmessy/box"
                    _metaschema-json-id="/assembly/nestedmessy/box"
                    scope="global"
                    name="box"
                    module="nestedmessy"
                    _base-uri="file:/C:/Users/wap1/Documents/usnistgov/metaschema/test-suite/metaschema-xspec/composition/nestedmessy_metaschema.xml"
                    _key-name="nestedmessy:box"
                    _using-root-name="BOX">
      <formal-name>BOX</formal-name>
      <description>BOX</description>
      <root-name>BOX</root-name>
      <model>
         <assembly _step="envelope"
                   _key="envelope"
                   _metaschema-xml-id="/assembly/nestedmessy/box/envelope"
                   _metaschema-json-id="/assembly/nestedmessy/box/envelope"
                   max-occurs="unbounded"
                   min-occurs="0"
                   ref="envelope"
                   _key-ref="nestedmessy:envelope"
                   _using-name="envelope"
                   _in-xml-name="envelope"
                   _in-json-name="envelope"/>
         <assembly _step="folder"
                   _key="folder"
                   _metaschema-xml-id="/assembly/nestedmessy/box/folder"
                   _metaschema-json-id="/assembly/nestedmessy/box/folder"
                   max-occurs="unbounded"
                   min-occurs="0"
                   ref="folder"
                   _key-ref="nestedmessy:folder"
                   _using-name="folder"
                   _in-xml-name="folder"
                   _in-json-name="folder"/>
      </model>
   </define-assembly>
   <define-assembly _metaschema-xml-id="/assembly/nestedmessy/folder"
                    _metaschema-json-id="/assembly/nestedmessy/folder"
                    scope="global"
                    name="folder"
                    module="nestedmessy"
                    _base-uri="file:/C:/Users/wap1/Documents/usnistgov/metaschema/test-suite/metaschema-xspec/composition/nestedmessy_metaschema.xml"
                    _key-name="nestedmessy:folder">
      <formal-name>FOLDER</formal-name>
      <description>FOLDER</description>
      <model>
         <assembly _step="envelope"
                   _key="envelope"
                   _metaschema-xml-id="/assembly/nestedmessy/folder/envelope"
                   _metaschema-json-id="/assembly/nestedmessy/folder/envelope"
                   max-occurs="unbounded"
                   min-occurs="0"
                   ref="envelope"
                   _key-ref="nestedmessy:envelope"
                   _using-name="envelope"
                   _in-xml-name="envelope"
                   _in-json-name="envelope"/>
         <assembly _step="folder"
                   _key="folder"
                   _metaschema-xml-id="/assembly/nestedmessy/folder/folder"
                   _metaschema-json-id="/assembly/nestedmessy/folder/folder"
                   max-occurs="unbounded"
                   min-occurs="0"
                   ref="folder"
                   _key-ref="nestedmessy:folder"
                   _using-name="folder"
                   _in-xml-name="folder"
                   _in-json-name="folder"/>
         <field _step="page"
                _key="page"
                _metaschema-xml-id="/assembly/nestedmessy/folder/page"
                _metaschema-json-id="/assembly/nestedmessy/folder/page"
                max-occurs="unbounded"
                min-occurs="0"
                ref="page"
                _key-ref="nestedmessy:page"
                _using-name="page"
                _in-xml-name="page"
                _in-json-name="page"/>
      </model>
   </define-assembly>
</METASCHEMA>
